Info: Nothing to build for TestI2C2
Info: Nothing to build for TestI2C2
Info: Nothing to build for TestI2C2
Info: Nothing to build for TestI2C2
10:14:20 **** Rebuild of configuration Debug for project TestI2C2 ****
Info: Internal Builder is used for build
arm-atollic-eabi-gcc -c -mthumb -mcpu=cortex-m3 -std=gnu11 -D__weak=__attribute__((weak)) -D__packed=__attribute__((__packed__)) -DUSE_HAL_DRIVER -DSTM32L152xC -I../../../Inc -I../../../Drivers/STM32L1xx_HAL_Driver/Inc -I../../../Drivers/STM32L1xx_HAL_Driver/Inc/Legacy -I../../../Drivers/CMSIS/Device/ST/STM32L1xx/Include -I../../../Drivers/CMSIS/Include -Os -ffunction-sections -fdata-sections -g -fstack-usage -Wall -specs=nano.specs -o Drivers\CMSIS\system_stm32l1xx.o ..\..\..\Src\system_stm32l1xx.c 
arm-atollic-eabi-gcc -c -mthumb -mcpu=cortex-m3 -std=gnu11 -D__weak=__attribute__((weak)) -D__packed=__attribute__((__packed__)) -DUSE_HAL_DRIVER -DSTM32L152xC -I../../../Inc -I../../../Drivers/STM32L1xx_HAL_Driver/Inc -I../../../Drivers/STM32L1xx_HAL_Driver/Inc/Legacy -I../../../Drivers/CMSIS/Device/ST/STM32L1xx/Include -I../../../Drivers/CMSIS/Include -Os -ffunction-sections -fdata-sections -g -fstack-usage -Wall -specs=nano.specs -o Drivers\STM32L1xx_HAL_Driver\stm32l1xx_hal_tim.o ..\..\..\Drivers\STM32L1xx_HAL_Driver\Src\stm32l1xx_hal_tim.c 
arm-atollic-eabi-gcc -c -mthumb -mcpu=cortex-m3 -std=gnu11 -D__weak=__attribute__((weak)) -D__packed=__attribute__((__packed__)) -DUSE_HAL_DRIVER -DSTM32L152xC -I../../../Inc -I../../../Drivers/STM32L1xx_HAL_Driver/Inc -I../../../Drivers/STM32L1xx_HAL_Driver/Inc/Legacy -I../../../Drivers/CMSIS/Device/ST/STM32L1xx/Include -I../../../Drivers/CMSIS/Include -Os -ffunction-sections -fdata-sections -g -fstack-usage -Wall -specs=nano.specs -o Drivers\STM32L1xx_HAL_Driver\stm32l1xx_hal_flash_ramfunc.o ..\..\..\Drivers\STM32L1xx_HAL_Driver\Src\stm32l1xx_hal_flash_ramfunc.c 
arm-atollic-eabi-gcc -c -mthumb -mcpu=cortex-m3 -std=gnu11 -D__weak=__attribute__((weak)) -D__packed=__attribute__((__packed__)) -DUSE_HAL_DRIVER -DSTM32L152xC -I../../../Inc -I../../../Drivers/STM32L1xx_HAL_Driver/Inc -I../../../Drivers/STM32L1xx_HAL_Driver/Inc/Legacy -I../../../Drivers/CMSIS/Device/ST/STM32L1xx/Include -I../../../Drivers/CMSIS/Include -Os -ffunction-sections -fdata-sections -g -fstack-usage -Wall -specs=nano.specs -o Drivers\STM32L1xx_HAL_Driver\stm32l1xx_hal_cortex.o ..\..\..\Drivers\STM32L1xx_HAL_Driver\Src\stm32l1xx_hal_cortex.c 
arm-atollic-eabi-gcc -c -mthumb -mcpu=cortex-m3 -std=gnu11 -D__weak=__attribute__((weak)) -D__packed=__attribute__((__packed__)) -DUSE_HAL_DRIVER -DSTM32L152xC -I../../../Inc -I../../../Drivers/STM32L1xx_HAL_Driver/Inc -I../../../Drivers/STM32L1xx_HAL_Driver/Inc/Legacy -I../../../Drivers/CMSIS/Device/ST/STM32L1xx/Include -I../../../Drivers/CMSIS/Include -Os -ffunction-sections -fdata-sections -g -fstack-usage -Wall -specs=nano.specs -o Drivers\STM32L1xx_HAL_Driver\stm32l1xx_hal_i2c.o ..\..\..\Drivers\STM32L1xx_HAL_Driver\Src\stm32l1xx_hal_i2c.c 
arm-atollic-eabi-gcc -c -mthumb -mcpu=cortex-m3 -std=gnu11 -D__weak=__attribute__((weak)) -D__packed=__attribute__((__packed__)) -DUSE_HAL_DRIVER -DSTM32L152xC -I../../../Inc -I../../../Drivers/STM32L1xx_HAL_Driver/Inc -I../../../Drivers/STM32L1xx_HAL_Driver/Inc/Legacy -I../../../Drivers/CMSIS/Device/ST/STM32L1xx/Include -I../../../Drivers/CMSIS/Include -Os -ffunction-sections -fdata-sections -g -fstack-usage -Wall -specs=nano.specs -o Drivers\STM32L1xx_HAL_Driver\stm32l1xx_hal_pwr_ex.o ..\..\..\Drivers\STM32L1xx_HAL_Driver\Src\stm32l1xx_hal_pwr_ex.c 
arm-atollic-eabi-gcc -c -mthumb -mcpu=cortex-m3 -std=gnu11 -D__weak=__attribute__((weak)) -D__packed=__attribute__((__packed__)) -DUSE_HAL_DRIVER -DSTM32L152xC -I../../../Inc -I../../../Drivers/STM32L1xx_HAL_Driver/Inc -I../../../Drivers/STM32L1xx_HAL_Driver/Inc/Legacy -I../../../Drivers/CMSIS/Device/ST/STM32L1xx/Include -I../../../Drivers/CMSIS/Include -Os -ffunction-sections -fdata-sections -g -fstack-usage -Wall -specs=nano.specs -o Drivers\STM32L1xx_HAL_Driver\stm32l1xx_hal.o ..\..\..\Drivers\STM32L1xx_HAL_Driver\Src\stm32l1xx_hal.c 
arm-atollic-eabi-gcc -c -mthumb -mcpu=cortex-m3 -std=gnu11 -D__weak=__attribute__((weak)) -D__packed=__attribute__((__packed__)) -DUSE_HAL_DRIVER -DSTM32L152xC -I../../../Inc -I../../../Drivers/STM32L1xx_HAL_Driver/Inc -I../../../Drivers/STM32L1xx_HAL_Driver/Inc/Legacy -I../../../Drivers/CMSIS/Device/ST/STM32L1xx/Include -I../../../Drivers/CMSIS/Include -Os -ffunction-sections -fdata-sections -g -fstack-usage -Wall -specs=nano.specs -o Drivers\STM32L1xx_HAL_Driver\stm32l1xx_hal_tim_ex.o ..\..\..\Drivers\STM32L1xx_HAL_Driver\Src\stm32l1xx_hal_tim_ex.c 
arm-atollic-eabi-gcc -c -mthumb -mcpu=cortex-m3 -std=gnu11 -D__weak=__attribute__((weak)) -D__packed=__attribute__((__packed__)) -DUSE_HAL_DRIVER -DSTM32L152xC -I../../../Inc -I../../../Drivers/STM32L1xx_HAL_Driver/Inc -I../../../Drivers/STM32L1xx_HAL_Driver/Inc/Legacy -I../../../Drivers/CMSIS/Device/ST/STM32L1xx/Include -I../../../Drivers/CMSIS/Include -Os -ffunction-sections -fdata-sections -g -fstack-usage -Wall -specs=nano.specs -o Application\User\stm32l1xx_it.o ..\..\..\Src\stm32l1xx_it.c 
arm-atollic-eabi-gcc -c -mthumb -mcpu=cortex-m3 -std=gnu11 -D__weak=__attribute__((weak)) -D__packed=__attribute__((__packed__)) -DUSE_HAL_DRIVER -DSTM32L152xC -I../../../Inc -I../../../Drivers/STM32L1xx_HAL_Driver/Inc -I../../../Drivers/STM32L1xx_HAL_Driver/Inc/Legacy -I../../../Drivers/CMSIS/Device/ST/STM32L1xx/Include -I../../../Drivers/CMSIS/Include -Os -ffunction-sections -fdata-sections -g -fstack-usage -Wall -specs=nano.specs -o Application\User\stm32l1xx_hal_msp.o ..\..\..\Src\stm32l1xx_hal_msp.c 
arm-atollic-eabi-gcc -c -mthumb -mcpu=cortex-m3 -std=gnu11 -D__weak=__attribute__((weak)) -D__packed=__attribute__((__packed__)) -DUSE_HAL_DRIVER -DSTM32L152xC -I../../../Inc -I../../../Drivers/STM32L1xx_HAL_Driver/Inc -I../../../Drivers/STM32L1xx_HAL_Driver/Inc/Legacy -I../../../Drivers/CMSIS/Device/ST/STM32L1xx/Include -I../../../Drivers/CMSIS/Include -Os -ffunction-sections -fdata-sections -g -fstack-usage -Wall -specs=nano.specs -o Drivers\STM32L1xx_HAL_Driver\stm32l1xx_hal_dma.o ..\..\..\Drivers\STM32L1xx_HAL_Driver\Src\stm32l1xx_hal_dma.c 
arm-atollic-eabi-gcc -c -mthumb -mcpu=cortex-m3 -std=gnu11 -D__weak=__attribute__((weak)) -D__packed=__attribute__((__packed__)) -DUSE_HAL_DRIVER -DSTM32L152xC -I../../../Inc -I../../../Drivers/STM32L1xx_HAL_Driver/Inc -I../../../Drivers/STM32L1xx_HAL_Driver/Inc/Legacy -I../../../Drivers/CMSIS/Device/ST/STM32L1xx/Include -I../../../Drivers/CMSIS/Include -Os -ffunction-sections -fdata-sections -g -fstack-usage -Wall -specs=nano.specs -o Application\User\main.o ..\..\..\Src\main.c 
..\..\..\Src\main.c: In function 'main':
..\..\..\Src\main.c:104:22: warning: variable 'V61' set but not used [-Wunused-but-set-variable]
   float Tint1, Vcc1, V61;
                      ^~~
..\..\..\Src\main.c:104:16: warning: variable 'Vcc1' set but not used [-Wunused-but-set-variable]
   float Tint1, Vcc1, V61;
                ^~~~
..\..\..\Src\main.c:104:9: warning: variable 'Tint1' set but not used [-Wunused-but-set-variable]
   float Tint1, Vcc1, V61;
         ^~~~~
..\..\..\Src\main.c:102:38: warning: unused variable 'pData08' [-Wunused-variable]
   uint8_t pData01, pData00, pData07, pData08;
                                      ^~~~~~~
..\..\..\Src\main.c:102:29: warning: unused variable 'pData07' [-Wunused-variable]
   uint8_t pData01, pData00, pData07, pData08;
                             ^~~~~~~
..\..\..\Src\main.c: In function 'SetupLTC':
..\..\..\Src\main.c:272:12: warning: variable 'datatosend' set but not used [-Wunused-but-set-variable]
    uint8_t datatosend[2];
            ^~~~~~~~~~
arm-atollic-eabi-gcc -c -mthumb -mcpu=cortex-m3 -std=gnu11 -D__weak=__attribute__((weak)) -D__packed=__attribute__((__packed__)) -DUSE_HAL_DRIVER -DSTM32L152xC -I../../../Inc -I../../../Drivers/STM32L1xx_HAL_Driver/Inc -I../../../Drivers/STM32L1xx_HAL_Driver/Inc/Legacy -I../../../Drivers/CMSIS/Device/ST/STM32L1xx/Include -I../../../Drivers/CMSIS/Include -Os -ffunction-sections -fdata-sections -g -fstack-usage -Wall -specs=nano.specs -o Drivers\STM32L1xx_HAL_Driver\stm32l1xx_hal_gpio.o ..\..\..\Drivers\STM32L1xx_HAL_Driver\Src\stm32l1xx_hal_gpio.c 
arm-atollic-eabi-gcc -c -mthumb -mcpu=cortex-m3 -std=gnu11 -D__weak=__attribute__((weak)) -D__packed=__attribute__((__packed__)) -DUSE_HAL_DRIVER -DSTM32L152xC -I../../../Inc -I../../../Drivers/STM32L1xx_HAL_Driver/Inc -I../../../Drivers/STM32L1xx_HAL_Driver/Inc/Legacy -I../../../Drivers/CMSIS/Device/ST/STM32L1xx/Include -I../../../Drivers/CMSIS/Include -Os -ffunction-sections -fdata-sections -g -fstack-usage -Wall -specs=nano.specs -o Drivers\STM32L1xx_HAL_Driver\stm32l1xx_hal_flash_ex.o ..\..\..\Drivers\STM32L1xx_HAL_Driver\Src\stm32l1xx_hal_flash_ex.c 
arm-atollic-eabi-gcc -c -mthumb -mcpu=cortex-m3 -std=gnu11 -D__weak=__attribute__((weak)) -D__packed=__attribute__((__packed__)) -DUSE_HAL_DRIVER -DSTM32L152xC -I../../../Inc -I../../../Drivers/STM32L1xx_HAL_Driver/Inc -I../../../Drivers/STM32L1xx_HAL_Driver/Inc/Legacy -I../../../Drivers/CMSIS/Device/ST/STM32L1xx/Include -I../../../Drivers/CMSIS/Include -Os -ffunction-sections -fdata-sections -g -fstack-usage -Wall -specs=nano.specs -o Drivers\STM32L1xx_HAL_Driver\stm32l1xx_hal_rcc_ex.o ..\..\..\Drivers\STM32L1xx_HAL_Driver\Src\stm32l1xx_hal_rcc_ex.c 
arm-atollic-eabi-gcc -c -mthumb -mcpu=cortex-m3 -std=gnu11 -D__weak=__attribute__((weak)) -D__packed=__attribute__((__packed__)) -DUSE_HAL_DRIVER -DSTM32L152xC -I../../../Inc -I../../../Drivers/STM32L1xx_HAL_Driver/Inc -I../../../Drivers/STM32L1xx_HAL_Driver/Inc/Legacy -I../../../Drivers/CMSIS/Device/ST/STM32L1xx/Include -I../../../Drivers/CMSIS/Include -Os -ffunction-sections -fdata-sections -g -fstack-usage -Wall -specs=nano.specs -o Drivers\STM32L1xx_HAL_Driver\stm32l1xx_hal_flash.o ..\..\..\Drivers\STM32L1xx_HAL_Driver\Src\stm32l1xx_hal_flash.c 
arm-atollic-eabi-gcc -c -mthumb -mcpu=cortex-m3 -std=gnu11 -D__weak=__attribute__((weak)) -D__packed=__attribute__((__packed__)) -DUSE_HAL_DRIVER -DSTM32L152xC -I../../../Inc -I../../../Drivers/STM32L1xx_HAL_Driver/Inc -I../../../Drivers/STM32L1xx_HAL_Driver/Inc/Legacy -I../../../Drivers/CMSIS/Device/ST/STM32L1xx/Include -I../../../Drivers/CMSIS/Include -Os -ffunction-sections -fdata-sections -g -fstack-usage -Wall -specs=nano.specs -o Drivers\STM32L1xx_HAL_Driver\stm32l1xx_hal_rcc.o ..\..\..\Drivers\STM32L1xx_HAL_Driver\Src\stm32l1xx_hal_rcc.c 
arm-atollic-eabi-gcc -c -mthumb -mcpu=cortex-m3 -g -Wa,--no-warn -x assembler-with-cpp -specs=nano.specs -o Application\TrueSTUDIO\startup_stm32l152xc.o ..\..\startup_stm32l152xc.s 
arm-atollic-eabi-gcc -c -mthumb -mcpu=cortex-m3 -std=gnu11 -D__weak=__attribute__((weak)) -D__packed=__attribute__((__packed__)) -DUSE_HAL_DRIVER -DSTM32L152xC -I../../../Inc -I../../../Drivers/STM32L1xx_HAL_Driver/Inc -I../../../Drivers/STM32L1xx_HAL_Driver/Inc/Legacy -I../../../Drivers/CMSIS/Device/ST/STM32L1xx/Include -I../../../Drivers/CMSIS/Include -Os -ffunction-sections -fdata-sections -g -fstack-usage -Wall -specs=nano.specs -o Drivers\STM32L1xx_HAL_Driver\stm32l1xx_hal_pwr.o ..\..\..\Drivers\STM32L1xx_HAL_Driver\Src\stm32l1xx_hal_pwr.c 
arm-atollic-eabi-gcc -o TestI2C2.elf Application\TrueSTUDIO\startup_stm32l152xc.o Application\User\main.o Application\User\stm32l1xx_hal_msp.o Application\User\stm32l1xx_it.o Drivers\CMSIS\system_stm32l1xx.o Drivers\STM32L1xx_HAL_Driver\stm32l1xx_hal.o Drivers\STM32L1xx_HAL_Driver\stm32l1xx_hal_cortex.o Drivers\STM32L1xx_HAL_Driver\stm32l1xx_hal_dma.o Drivers\STM32L1xx_HAL_Driver\stm32l1xx_hal_flash.o Drivers\STM32L1xx_HAL_Driver\stm32l1xx_hal_flash_ex.o Drivers\STM32L1xx_HAL_Driver\stm32l1xx_hal_flash_ramfunc.o Drivers\STM32L1xx_HAL_Driver\stm32l1xx_hal_gpio.o Drivers\STM32L1xx_HAL_Driver\stm32l1xx_hal_i2c.o Drivers\STM32L1xx_HAL_Driver\stm32l1xx_hal_pwr.o Drivers\STM32L1xx_HAL_Driver\stm32l1xx_hal_pwr_ex.o Drivers\STM32L1xx_HAL_Driver\stm32l1xx_hal_rcc.o Drivers\STM32L1xx_HAL_Driver\stm32l1xx_hal_rcc_ex.o Drivers\STM32L1xx_HAL_Driver\stm32l1xx_hal_tim.o Drivers\STM32L1xx_HAL_Driver\stm32l1xx_hal_tim_ex.o -mthumb -mcpu=cortex-m3 -T../STM32L152RC_FLASH.ld -specs=nosys.specs -static -Wl,-Map=TestI2C2.map -Wl,--gc-sections -Wl,--defsym=malloc_getpagesize_P=0x80 -Wl,--start-group -lc -lm -Wl,--end-group -specs=nano.specs 
C:\Program Files (x86)\Atollic\TrueSTUDIO for STM32 9.0.0\ide\jre\bin\java -jar C:\Program Files (x86)\Atollic\TrueSTUDIO for STM32 9.0.0\Tools\arm-atollic-reports.jar sizeinfo list TestI2C2.elf 
Generate build reports...
Print size information
   text	   data	    bss	    dec	    hex	filename
   8032	    112	   1668	   9812	   2654	TestI2C2.elf
Print size information done
Generate listing file
Output sent to: TestI2C2.list
Generate listing file done
Generate build reports done
10:15:18 **** Rebuild of configuration Debug for project TestI2C2 ****
Info: Internal Builder is used for build
arm-atollic-eabi-gcc -c -mthumb -mcpu=cortex-m3 -std=gnu11 -D__weak=__attribute__((weak)) -D__packed=__attribute__((__packed__)) -DUSE_HAL_DRIVER -DSTM32L152xC -I../../../Inc -I../../../Drivers/STM32L1xx_HAL_Driver/Inc -I../../../Drivers/STM32L1xx_HAL_Driver/Inc/Legacy -I../../../Drivers/CMSIS/Device/ST/STM32L1xx/Include -I../../../Drivers/CMSIS/Include -Os -ffunction-sections -fdata-sections -g -fstack-usage -Wall -specs=nano.specs -o Drivers\STM32L1xx_HAL_Driver\stm32l1xx_hal_rcc_ex.o ..\..\..\Drivers\STM32L1xx_HAL_Driver\Src\stm32l1xx_hal_rcc_ex.c 
arm-atollic-eabi-gcc -c -mthumb -mcpu=cortex-m3 -std=gnu11 -D__weak=__attribute__((weak)) -D__packed=__attribute__((__packed__)) -DUSE_HAL_DRIVER -DSTM32L152xC -I../../../Inc -I../../../Drivers/STM32L1xx_HAL_Driver/Inc -I../../../Drivers/STM32L1xx_HAL_Driver/Inc/Legacy -I../../../Drivers/CMSIS/Device/ST/STM32L1xx/Include -I../../../Drivers/CMSIS/Include -Os -ffunction-sections -fdata-sections -g -fstack-usage -Wall -specs=nano.specs -o Application\User\stm32l1xx_hal_msp.o ..\..\..\Src\stm32l1xx_hal_msp.c 
arm-atollic-eabi-gcc -c -mthumb -mcpu=cortex-m3 -std=gnu11 -D__weak=__attribute__((weak)) -D__packed=__attribute__((__packed__)) -DUSE_HAL_DRIVER -DSTM32L152xC -I../../../Inc -I../../../Drivers/STM32L1xx_HAL_Driver/Inc -I../../../Drivers/STM32L1xx_HAL_Driver/Inc/Legacy -I../../../Drivers/CMSIS/Device/ST/STM32L1xx/Include -I../../../Drivers/CMSIS/Include -Os -ffunction-sections -fdata-sections -g -fstack-usage -Wall -specs=nano.specs -o Drivers\STM32L1xx_HAL_Driver\stm32l1xx_hal_i2c.o ..\..\..\Drivers\STM32L1xx_HAL_Driver\Src\stm32l1xx_hal_i2c.c 
arm-atollic-eabi-gcc -c -mthumb -mcpu=cortex-m3 -std=gnu11 -D__weak=__attribute__((weak)) -D__packed=__attribute__((__packed__)) -DUSE_HAL_DRIVER -DSTM32L152xC -I../../../Inc -I../../../Drivers/STM32L1xx_HAL_Driver/Inc -I../../../Drivers/STM32L1xx_HAL_Driver/Inc/Legacy -I../../../Drivers/CMSIS/Device/ST/STM32L1xx/Include -I../../../Drivers/CMSIS/Include -Os -ffunction-sections -fdata-sections -g -fstack-usage -Wall -specs=nano.specs -o Drivers\STM32L1xx_HAL_Driver\stm32l1xx_hal_tim.o ..\..\..\Drivers\STM32L1xx_HAL_Driver\Src\stm32l1xx_hal_tim.c 
arm-atollic-eabi-gcc -c -mthumb -mcpu=cortex-m3 -std=gnu11 -D__weak=__attribute__((weak)) -D__packed=__attribute__((__packed__)) -DUSE_HAL_DRIVER -DSTM32L152xC -I../../../Inc -I../../../Drivers/STM32L1xx_HAL_Driver/Inc -I../../../Drivers/STM32L1xx_HAL_Driver/Inc/Legacy -I../../../Drivers/CMSIS/Device/ST/STM32L1xx/Include -I../../../Drivers/CMSIS/Include -Os -ffunction-sections -fdata-sections -g -fstack-usage -Wall -specs=nano.specs -o Drivers\STM32L1xx_HAL_Driver\stm32l1xx_hal_gpio.o ..\..\..\Drivers\STM32L1xx_HAL_Driver\Src\stm32l1xx_hal_gpio.c 
arm-atollic-eabi-gcc -c -mthumb -mcpu=cortex-m3 -std=gnu11 -D__weak=__attribute__((weak)) -D__packed=__attribute__((__packed__)) -DUSE_HAL_DRIVER -DSTM32L152xC -I../../../Inc -I../../../Drivers/STM32L1xx_HAL_Driver/Inc -I../../../Drivers/STM32L1xx_HAL_Driver/Inc/Legacy -I../../../Drivers/CMSIS/Device/ST/STM32L1xx/Include -I../../../Drivers/CMSIS/Include -Os -ffunction-sections -fdata-sections -g -fstack-usage -Wall -specs=nano.specs -o Drivers\STM32L1xx_HAL_Driver\stm32l1xx_hal_dma.o ..\..\..\Drivers\STM32L1xx_HAL_Driver\Src\stm32l1xx_hal_dma.c 
arm-atollic-eabi-gcc -c -mthumb -mcpu=cortex-m3 -std=gnu11 -D__weak=__attribute__((weak)) -D__packed=__attribute__((__packed__)) -DUSE_HAL_DRIVER -DSTM32L152xC -I../../../Inc -I../../../Drivers/STM32L1xx_HAL_Driver/Inc -I../../../Drivers/STM32L1xx_HAL_Driver/Inc/Legacy -I../../../Drivers/CMSIS/Device/ST/STM32L1xx/Include -I../../../Drivers/CMSIS/Include -Os -ffunction-sections -fdata-sections -g -fstack-usage -Wall -specs=nano.specs -o Drivers\STM32L1xx_HAL_Driver\stm32l1xx_hal_tim_ex.o ..\..\..\Drivers\STM32L1xx_HAL_Driver\Src\stm32l1xx_hal_tim_ex.c 
arm-atollic-eabi-gcc -c -mthumb -mcpu=cortex-m3 -std=gnu11 -D__weak=__attribute__((weak)) -D__packed=__attribute__((__packed__)) -DUSE_HAL_DRIVER -DSTM32L152xC -I../../../Inc -I../../../Drivers/STM32L1xx_HAL_Driver/Inc -I../../../Drivers/STM32L1xx_HAL_Driver/Inc/Legacy -I../../../Drivers/CMSIS/Device/ST/STM32L1xx/Include -I../../../Drivers/CMSIS/Include -Os -ffunction-sections -fdata-sections -g -fstack-usage -Wall -specs=nano.specs -o Application\User\main.o ..\..\..\Src\main.c 
..\..\..\Src\main.c: In function 'main':
..\..\..\Src\main.c:104:22: warning: variable 'V61' set but not used [-Wunused-but-set-variable]
   float Tint1, Vcc1, V61;
                      ^~~
..\..\..\Src\main.c:104:16: warning: variable 'Vcc1' set but not used [-Wunused-but-set-variable]
   float Tint1, Vcc1, V61;
                ^~~~
..\..\..\Src\main.c:104:9: warning: variable 'Tint1' set but not used [-Wunused-but-set-variable]
   float Tint1, Vcc1, V61;
         ^~~~~
..\..\..\Src\main.c:102:38: warning: unused variable 'pData08' [-Wunused-variable]
   uint8_t pData01, pData00, pData07, pData08;
                                      ^~~~~~~
..\..\..\Src\main.c:102:29: warning: unused variable 'pData07' [-Wunused-variable]
   uint8_t pData01, pData00, pData07, pData08;
                             ^~~~~~~
..\..\..\Src\main.c: In function 'SetupLTC':
..\..\..\Src\main.c:272:12: warning: variable 'datatosend' set but not used [-Wunused-but-set-variable]
    uint8_t datatosend[2];
            ^~~~~~~~~~
arm-atollic-eabi-gcc -c -mthumb -mcpu=cortex-m3 -g -Wa,--no-warn -x assembler-with-cpp -specs=nano.specs -o Application\TrueSTUDIO\startup_stm32l152xc.o ..\..\startup_stm32l152xc.s 
arm-atollic-eabi-gcc -c -mthumb -mcpu=cortex-m3 -std=gnu11 -D__weak=__attribute__((weak)) -D__packed=__attribute__((__packed__)) -DUSE_HAL_DRIVER -DSTM32L152xC -I../../../Inc -I../../../Drivers/STM32L1xx_HAL_Driver/Inc -I../../../Drivers/STM32L1xx_HAL_Driver/Inc/Legacy -I../../../Drivers/CMSIS/Device/ST/STM32L1xx/Include -I../../../Drivers/CMSIS/Include -Os -ffunction-sections -fdata-sections -g -fstack-usage -Wall -specs=nano.specs -o Drivers\STM32L1xx_HAL_Driver\stm32l1xx_hal.o ..\..\..\Drivers\STM32L1xx_HAL_Driver\Src\stm32l1xx_hal.c 
arm-atollic-eabi-gcc -c -mthumb -mcpu=cortex-m3 -std=gnu11 -D__weak=__attribute__((weak)) -D__packed=__attribute__((__packed__)) -DUSE_HAL_DRIVER -DSTM32L152xC -I../../../Inc -I../../../Drivers/STM32L1xx_HAL_Driver/Inc -I../../../Drivers/STM32L1xx_HAL_Driver/Inc/Legacy -I../../../Drivers/CMSIS/Device/ST/STM32L1xx/Include -I../../../Drivers/CMSIS/Include -Os -ffunction-sections -fdata-sections -g -fstack-usage -Wall -specs=nano.specs -o Application\User\stm32l1xx_it.o ..\..\..\Src\stm32l1xx_it.c 
arm-atollic-eabi-gcc -c -mthumb -mcpu=cortex-m3 -std=gnu11 -D__weak=__attribute__((weak)) -D__packed=__attribute__((__packed__)) -DUSE_HAL_DRIVER -DSTM32L152xC -I../../../Inc -I../../../Drivers/STM32L1xx_HAL_Driver/Inc -I../../../Drivers/STM32L1xx_HAL_Driver/Inc/Legacy -I../../../Drivers/CMSIS/Device/ST/STM32L1xx/Include -I../../../Drivers/CMSIS/Include -Os -ffunction-sections -fdata-sections -g -fstack-usage -Wall -specs=nano.specs -o Drivers\STM32L1xx_HAL_Driver\stm32l1xx_hal_flash_ramfunc.o ..\..\..\Drivers\STM32L1xx_HAL_Driver\Src\stm32l1xx_hal_flash_ramfunc.c 
arm-atollic-eabi-gcc -c -mthumb -mcpu=cortex-m3 -std=gnu11 -D__weak=__attribute__((weak)) -D__packed=__attribute__((__packed__)) -DUSE_HAL_DRIVER -DSTM32L152xC -I../../../Inc -I../../../Drivers/STM32L1xx_HAL_Driver/Inc -I../../../Drivers/STM32L1xx_HAL_Driver/Inc/Legacy -I../../../Drivers/CMSIS/Device/ST/STM32L1xx/Include -I../../../Drivers/CMSIS/Include -Os -ffunction-sections -fdata-sections -g -fstack-usage -Wall -specs=nano.specs -o Drivers\STM32L1xx_HAL_Driver\stm32l1xx_hal_flash_ex.o ..\..\..\Drivers\STM32L1xx_HAL_Driver\Src\stm32l1xx_hal_flash_ex.c 
arm-atollic-eabi-gcc -c -mthumb -mcpu=cortex-m3 -std=gnu11 -D__weak=__attribute__((weak)) -D__packed=__attribute__((__packed__)) -DUSE_HAL_DRIVER -DSTM32L152xC -I../../../Inc -I../../../Drivers/STM32L1xx_HAL_Driver/Inc -I../../../Drivers/STM32L1xx_HAL_Driver/Inc/Legacy -I../../../Drivers/CMSIS/Device/ST/STM32L1xx/Include -I../../../Drivers/CMSIS/Include -Os -ffunction-sections -fdata-sections -g -fstack-usage -Wall -specs=nano.specs -o Drivers\STM32L1xx_HAL_Driver\stm32l1xx_hal_pwr_ex.o ..\..\..\Drivers\STM32L1xx_HAL_Driver\Src\stm32l1xx_hal_pwr_ex.c 
arm-atollic-eabi-gcc -c -mthumb -mcpu=cortex-m3 -std=gnu11 -D__weak=__attribute__((weak)) -D__packed=__attribute__((__packed__)) -DUSE_HAL_DRIVER -DSTM32L152xC -I../../../Inc -I../../../Drivers/STM32L1xx_HAL_Driver/Inc -I../../../Drivers/STM32L1xx_HAL_Driver/Inc/Legacy -I../../../Drivers/CMSIS/Device/ST/STM32L1xx/Include -I../../../Drivers/CMSIS/Include -Os -ffunction-sections -fdata-sections -g -fstack-usage -Wall -specs=nano.specs -o Drivers\STM32L1xx_HAL_Driver\stm32l1xx_hal_pwr.o ..\..\..\Drivers\STM32L1xx_HAL_Driver\Src\stm32l1xx_hal_pwr.c 
arm-atollic-eabi-gcc -c -mthumb -mcpu=cortex-m3 -std=gnu11 -D__weak=__attribute__((weak)) -D__packed=__attribute__((__packed__)) -DUSE_HAL_DRIVER -DSTM32L152xC -I../../../Inc -I../../../Drivers/STM32L1xx_HAL_Driver/Inc -I../../../Drivers/STM32L1xx_HAL_Driver/Inc/Legacy -I../../../Drivers/CMSIS/Device/ST/STM32L1xx/Include -I../../../Drivers/CMSIS/Include -Os -ffunction-sections -fdata-sections -g -fstack-usage -Wall -specs=nano.specs -o Drivers\STM32L1xx_HAL_Driver\stm32l1xx_hal_rcc.o ..\..\..\Drivers\STM32L1xx_HAL_Driver\Src\stm32l1xx_hal_rcc.c 
arm-atollic-eabi-gcc -c -mthumb -mcpu=cortex-m3 -std=gnu11 -D__weak=__attribute__((weak)) -D__packed=__attribute__((__packed__)) -DUSE_HAL_DRIVER -DSTM32L152xC -I../../../Inc -I../../../Drivers/STM32L1xx_HAL_Driver/Inc -I../../../Drivers/STM32L1xx_HAL_Driver/Inc/Legacy -I../../../Drivers/CMSIS/Device/ST/STM32L1xx/Include -I../../../Drivers/CMSIS/Include -Os -ffunction-sections -fdata-sections -g -fstack-usage -Wall -specs=nano.specs -o Drivers\STM32L1xx_HAL_Driver\stm32l1xx_hal_flash.o ..\..\..\Drivers\STM32L1xx_HAL_Driver\Src\stm32l1xx_hal_flash.c 
arm-atollic-eabi-gcc -c -mthumb -mcpu=cortex-m3 -std=gnu11 -D__weak=__attribute__((weak)) -D__packed=__attribute__((__packed__)) -DUSE_HAL_DRIVER -DSTM32L152xC -I../../../Inc -I../../../Drivers/STM32L1xx_HAL_Driver/Inc -I../../../Drivers/STM32L1xx_HAL_Driver/Inc/Legacy -I../../../Drivers/CMSIS/Device/ST/STM32L1xx/Include -I../../../Drivers/CMSIS/Include -Os -ffunction-sections -fdata-sections -g -fstack-usage -Wall -specs=nano.specs -o Drivers\STM32L1xx_HAL_Driver\stm32l1xx_hal_cortex.o ..\..\..\Drivers\STM32L1xx_HAL_Driver\Src\stm32l1xx_hal_cortex.c 
arm-atollic-eabi-gcc -c -mthumb -mcpu=cortex-m3 -std=gnu11 -D__weak=__attribute__((weak)) -D__packed=__attribute__((__packed__)) -DUSE_HAL_DRIVER -DSTM32L152xC -I../../../Inc -I../../../Drivers/STM32L1xx_HAL_Driver/Inc -I../../../Drivers/STM32L1xx_HAL_Driver/Inc/Legacy -I../../../Drivers/CMSIS/Device/ST/STM32L1xx/Include -I../../../Drivers/CMSIS/Include -Os -ffunction-sections -fdata-sections -g -fstack-usage -Wall -specs=nano.specs -o Drivers\CMSIS\system_stm32l1xx.o ..\..\..\Src\system_stm32l1xx.c 
arm-atollic-eabi-gcc -o TestI2C2.elf Application\TrueSTUDIO\startup_stm32l152xc.o Application\User\main.o Application\User\stm32l1xx_hal_msp.o Application\User\stm32l1xx_it.o Drivers\CMSIS\system_stm32l1xx.o Drivers\STM32L1xx_HAL_Driver\stm32l1xx_hal.o Drivers\STM32L1xx_HAL_Driver\stm32l1xx_hal_cortex.o Drivers\STM32L1xx_HAL_Driver\stm32l1xx_hal_dma.o Drivers\STM32L1xx_HAL_Driver\stm32l1xx_hal_flash.o Drivers\STM32L1xx_HAL_Driver\stm32l1xx_hal_flash_ex.o Drivers\STM32L1xx_HAL_Driver\stm32l1xx_hal_flash_ramfunc.o Drivers\STM32L1xx_HAL_Driver\stm32l1xx_hal_gpio.o Drivers\STM32L1xx_HAL_Driver\stm32l1xx_hal_i2c.o Drivers\STM32L1xx_HAL_Driver\stm32l1xx_hal_pwr.o Drivers\STM32L1xx_HAL_Driver\stm32l1xx_hal_pwr_ex.o Drivers\STM32L1xx_HAL_Driver\stm32l1xx_hal_rcc.o Drivers\STM32L1xx_HAL_Driver\stm32l1xx_hal_rcc_ex.o Drivers\STM32L1xx_HAL_Driver\stm32l1xx_hal_tim.o Drivers\STM32L1xx_HAL_Driver\stm32l1xx_hal_tim_ex.o -mthumb -mcpu=cortex-m3 -T../Debug_STM32L152RB_FLASH.ld -specs=nosys.specs -static -Wl,-Map=TestI2C2.map -Wl,--gc-sections -Wl,--defsym=malloc_getpagesize_P=0x80 -Wl,--start-group -lc -lm -Wl,--end-group -specs=nano.specs 
C:\Program Files (x86)\Atollic\TrueSTUDIO for STM32 9.0.0\ide\jre\bin\java -jar C:\Program Files (x86)\Atollic\TrueSTUDIO for STM32 9.0.0\Tools\arm-atollic-reports.jar sizeinfo list TestI2C2.elf 
Generate build reports...
Print size information
   text	   data	    bss	    dec	    hex	filename
   8032	    112	    260	   8404	   20d4	TestI2C2.elf
Print size information done
Generate listing file
Output sent to: TestI2C2.list
Generate listing file done
Generate build reports done
Info: Nothing to build for TestI2C2
Info: Nothing to build for TestI2C2
